// Jest Snapshot v1, https://goo.gl/fbAQLP

exports[`MainFooter renders expected markup 1`] = `
<MainFooter>
  <div />
</MainFooter>
`;
